Microsoft (R) Macro Assembler Version 14.28.29333.0	    11/19/20 21:59:37
main.asm						     Page 1 - 1


				.386 
				.model flat, stdcall
				.stack 4096
				ExitProcess PROTO, dwExitCode: DWORD

 00000000			.data
					; define your variables here
 00000000			.code

 00000000			main PROC
 00000000  B8 00000005			mov eax, 5
 00000005  BB 00000008			mov ebx, 8
 0000000A  03 C3			add eax , ebx
					INVOKE ExitProcess, 0
 0000000C  6A 00	   *	    push   +000000000h
 0000000E  E8 00000000 E   *	    call   ExitProcess
 00000013			main ENDP
				END main
Microsoft (R) Macro Assembler Version 14.28.29333.0	    11/19/20 21:59:37
main.asm						     Symbols 2 - 1




Segments and Groups:

                N a m e                 Size     Length   Align   Combine Class

FLAT . . . . . . . . . . . . . .	GROUP
STACK  . . . . . . . . . . . . .	32 Bit	 00001000 DWord	  Stack	  'STACK'	 
_DATA  . . . . . . . . . . . . .	32 Bit	 00000000 DWord	  Public  'DATA'	
_TEXT  . . . . . . . . . . . . .	32 Bit	 00000013 DWord	  Public  'CODE'	


Procedures, parameters, and locals:

                N a m e                 Type     Value    Attr

ExitProcess  . . . . . . . . . .	P Near	 00000000 FLAT	Length= 00000000 External STDCALL
main . . . . . . . . . . . . . .	P Near	 00000000 _TEXT	Length= 00000013 Public STDCALL


Symbols:

                N a m e                 Type     Value    Attr

@CodeSize  . . . . . . . . . . .	Number	 00000000h   
@DataSize  . . . . . . . . . . .	Number	 00000000h   
@Interface . . . . . . . . . . .	Number	 00000003h   
@Model . . . . . . . . . . . . .	Number	 00000007h   
@code  . . . . . . . . . . . . .	Text   	 _TEXT
@data  . . . . . . . . . . . . .	Text   	 FLAT
@fardata?  . . . . . . . . . . .	Text   	 FLAT
@fardata . . . . . . . . . . . .	Text   	 FLAT
@stack . . . . . . . . . . . . .	Text   	 FLAT

	   0 Warnings
	   0 Errors
